[2026-07-20T13:06:20.327071] ⚠️ Critical Weather Alert: Rain is predicted in the upcoming 3 hours. Precipitation: 1.5 mm. Protect sensitive field crops.
[2026-07-20T13:06:20.330821] ⚠️ Disease risk warning! High or critical risk of crop diseases: Late Blight, Early Blight.
[2026-07-20T13:06:20.344015] ⚠️ Critical Weather Alert: Rain is predicted in the upcoming 3 hours. Precipitation: 1.5 mm. Protect sensitive field crops.
[2026-07-20T13:06:20.346029] ⚠️ Disease risk warning! High or critical risk of crop diseases: Late Blight, Early Blight.
[2026-07-20T14:06:14.435652] ⚠️ Critical Weather Alert: Rain is predicted in the upcoming 3 hours. Precipitation: 0.6 mm. Protect sensitive field crops.
[2026-07-20T14:06:14.461480] ⚠️ Harmful Weather Warning: Extreme heat (24.0°C) or humidity (92.0%) detected. High risk of heat stress or bacterial leaf spot propagation.
[2026-07-20T14:06:14.463875] ⚠️ Disease risk warning! High or critical risk of crop diseases: Late Blight, Early Blight, Root Rot / Damping Off.
[2026-07-20T14:06:14.488072] ⚠️ Critical Weather Alert: Rain is predicted in the upcoming 3 hours. Precipitation: 0.6 mm. Protect sensitive field crops.
[2026-07-20T14:06:14.488072] ⚠️ Harmful Weather Warning: Extreme heat (24.0°C) or humidity (92.0%) detected. High risk of heat stress or bacterial leaf spot propagation.
[2026-07-20T14:06:14.496620] ⚠️ Disease risk warning! High or critical risk of crop diseases: Late Blight, Early Blight, Root Rot / Damping Off.
[2026-07-20T18:35:12.301605] ⚠️ Critical Weather Alert: Rain is predicted in the upcoming 3 hours. Precipitation: 5.2 mm. Protect sensitive field crops.
[2026-07-20T18:35:29.331511] ⚠️ Critical Soil Moisture Alert
Soil moisture is too dry: 12.0% (Threshold: 19.0%) (Threshold dynamically adjusted from 19.0% to 19.0% due to MODERATE ET of 3.3 mm/day).
Please irrigate the crops.
[2026-07-20T18:38:22.592877] ⚠️ Harmful Weather Warning: Extreme heat (23.0°C) or humidity (89.0%) detected. High risk of heat stress or bacterial leaf spot propagation.
[2026-07-20T18:38:22.605286] ⚠️ Disease risk warning! High or critical risk of crop diseases: Late Blight.
[2026-07-20T18:38:23.286172] ⚠️ Harmful Weather Warning: Extreme heat (23.0°C) or humidity (89.0%) detected. High risk of heat stress or bacterial leaf spot propagation.
[2026-07-20T18:38:23.286172] ⚠️ Disease risk warning! High or critical risk of crop diseases: Late Blight.
[2026-07-20T19:25:06.008381] ⚠️ Harmful Weather Warning: Extreme heat (23.0°C) or humidity (88.0%) detected. High risk of heat stress or bacterial leaf spot propagation.
[2026-07-20T19:25:06.019397] ⚠️ Disease risk warning! High or critical risk of crop diseases: Late Blight.
[2026-07-20T19:25:06.817179] ⚠️ Harmful Weather Warning: Extreme heat (23.0°C) or humidity (88.0%) detected. High risk of heat stress or bacterial leaf spot propagation.
[2026-07-20T19:25:06.824246] ⚠️ Disease risk warning! High or critical risk of crop diseases: Late Blight.
[2026-07-20T19:25:54.351520] ⚠️ Harmful Weather Warning: Extreme heat (23.0°C) or humidity (88.0%) detected. High risk of heat stress or bacterial leaf spot propagation.
[2026-07-20T19:25:54.351520] ⚠️ Disease risk warning! High or critical risk of crop diseases: Late Blight.
[2026-07-20T19:25:55.022548] ⚠️ Harmful Weather Warning: Extreme heat (23.0°C) or humidity (88.0%) detected. High risk of heat stress or bacterial leaf spot propagation.
[2026-07-20T19:25:55.022548] ⚠️ Disease risk warning! High or critical risk of crop diseases: Late Blight.
[2026-07-20T19:27:22.220215] ⚠️ Harmful Weather Warning: Extreme heat (23.0°C) or humidity (88.0%) detected. High risk of heat stress or bacterial leaf spot propagation.
[2026-07-20T19:27:22.223593] ⚠️ Disease risk warning! High or critical risk of crop diseases: Late Blight.
[2026-07-20T19:27:22.517256] ⚠️ Harmful Weather Warning: Extreme heat (23.0°C) or humidity (88.0%) detected. High risk of heat stress or bacterial leaf spot propagation.
[2026-07-20T19:27:22.519344] ⚠️ Disease risk warning! High or critical risk of crop diseases: Late Blight.
[2026-07-20T20:09:23.547971] ⚠️ Harmful Weather Warning: Extreme heat (23.0°C) or humidity (90.0%) detected. High risk of heat stress or bacterial leaf spot propagation.
[2026-07-20T20:09:23.565402] ⚠️ Disease risk warning! High or critical risk of crop diseases: Late Blight.
[2026-07-20T20:09:23.928748] ⚠️ Harmful Weather Warning: Extreme heat (23.0°C) or humidity (90.0%) detected. High risk of heat stress or bacterial leaf spot propagation.
[2026-07-20T20:09:23.929574] ⚠️ Disease risk warning! High or critical risk of crop diseases: Late Blight.
[2026-07-20T20:23:16.126365] ⚠️ Harmful Weather Warning: Extreme heat (23.0°C) or humidity (92.0%) detected. High risk of heat stress or bacterial leaf spot propagation.
[2026-07-20T20:23:16.128009] ⚠️ Disease risk warning! High or critical risk of crop diseases: Late Blight.
[2026-07-20T20:23:17.346348] ⚠️ Harmful Weather Warning: Extreme heat (23.0°C) or humidity (92.0%) detected. High risk of heat stress or bacterial leaf spot propagation.
[2026-07-20T20:23:17.350143] ⚠️ Disease risk warning! High or critical risk of crop diseases: Late Blight.
[2026-07-20T20:24:10.832647] ⚠️ Harmful Weather Warning: Extreme heat (23.0°C) or humidity (91.0%) detected. High risk of heat stress or bacterial leaf spot propagation.
[2026-07-20T20:24:10.840742] ⚠️ Disease risk warning! High or critical risk of crop diseases: Late Blight.
[2026-07-20T20:24:11.273905] ⚠️ Harmful Weather Warning: Extreme heat (23.0°C) or humidity (91.0%) detected. High risk of heat stress or bacterial leaf spot propagation.
[2026-07-20T20:24:11.275809] ⚠️ Disease risk warning! High or critical risk of crop diseases: Late Blight.
[2026-07-20T20:27:08.036798] ⚠️ Harmful Weather Warning: Extreme heat (23.0°C) or humidity (91.0%) detected. High risk of heat stress or bacterial leaf spot propagation.
[2026-07-20T20:27:08.044628] ⚠️ Disease risk warning! High or critical risk of crop diseases: Late Blight.
[2026-07-20T20:27:08.530366] ⚠️ Harmful Weather Warning: Extreme heat (23.0°C) or humidity (91.0%) detected. High risk of heat stress or bacterial leaf spot propagation.
[2026-07-20T20:27:08.530366] ⚠️ Disease risk warning! High or critical risk of crop diseases: Late Blight.
[2026-07-20T20:27:30.899709] ⚠️ Harmful Weather Warning: Extreme heat (23.0°C) or humidity (92.0%) detected. High risk of heat stress or bacterial leaf spot propagation.
[2026-07-20T20:27:30.901787] ⚠️ Disease risk warning! High or critical risk of crop diseases: Late Blight.
[2026-07-20T20:29:39.728379] ⚠️ Harmful Weather Warning: Extreme heat (23.0°C) or humidity (91.0%) detected. High risk of heat stress or bacterial leaf spot propagation.
[2026-07-20T20:29:39.731010] ⚠️ Disease risk warning! High or critical risk of crop diseases: Late Blight.
[2026-07-20T20:29:41.240800] ⚠️ Harmful Weather Warning: Extreme heat (23.0°C) or humidity (91.0%) detected. High risk of heat stress or bacterial leaf spot propagation.
[2026-07-20T20:29:41.240800] ⚠️ Disease risk warning! High or critical risk of crop diseases: Late Blight.
[2026-07-20T20:49:25.277886] ⚠️ Harmful Weather Warning: Extreme heat (23.0°C) or humidity (93.0%) detected. High risk of heat stress or bacterial leaf spot propagation.
[2026-07-20T20:49:25.285068] ⚠️ Disease risk warning! High or critical risk of crop diseases: Late Blight.
[2026-07-20T20:49:25.729274] ⚠️ Harmful Weather Warning: Extreme heat (23.0°C) or humidity (93.0%) detected. High risk of heat stress or bacterial leaf spot propagation.
[2026-07-20T20:49:25.730333] ⚠️ Disease risk warning! High or critical risk of crop diseases: Late Blight.
[2026-07-20T20:59:42.096258] ⚠️ Harmful Weather Warning: Extreme heat (23.0°C) or humidity (92.0%) detected. High risk of heat stress or bacterial leaf spot propagation.
[2026-07-20T20:59:42.107272] ⚠️ Disease risk warning! High or critical risk of crop diseases: Late Blight.
[2026-07-20T20:59:42.163031] ⚠️ Harmful Weather Warning: Extreme heat (23.0°C) or humidity (92.0%) detected. High risk of heat stress or bacterial leaf spot propagation.
[2026-07-20T20:59:42.172824] ⚠️ Disease risk warning! High or critical risk of crop diseases: Late Blight.
[2026-07-20T21:03:37.005505] ⚠️ Harmful Weather Warning: Extreme heat (23.0°C) or humidity (92.0%) detected. High risk of heat stress or bacterial leaf spot propagation.
[2026-07-20T21:03:37.006899] ⚠️ Disease risk warning! High or critical risk of crop diseases: Late Blight.
[2026-07-20T21:03:37.314011] ⚠️ Harmful Weather Warning: Extreme heat (23.0°C) or humidity (92.0%) detected. High risk of heat stress or bacterial leaf spot propagation.
[2026-07-20T21:03:37.314833] ⚠️ Disease risk warning! High or critical risk of crop diseases: Late Blight.
[2026-07-20T21:04:28.148878] ⚠️ Harmful Weather Warning: Extreme heat (23.0°C) or humidity (92.0%) detected. High risk of heat stress or bacterial leaf spot propagation.
[2026-07-20T21:04:28.151576] ⚠️ Disease risk warning! High or critical risk of crop diseases: Late Blight.
[2026-07-20T21:04:28.160923] ⚠️ Harmful Weather Warning: Extreme heat (23.0°C) or humidity (92.0%) detected. High risk of heat stress or bacterial leaf spot propagation.
[2026-07-20T21:04:28.162417] ⚠️ Disease risk warning! High or critical risk of crop diseases: Late Blight.
[2026-07-20T21:21:42.801841] ⚠️ Harmful Weather Warning: Extreme heat (23.0°C) or humidity (92.0%) detected. High risk of heat stress or bacterial leaf spot propagation.
[2026-07-20T21:21:42.808268] ⚠️ Disease risk warning! High or critical risk of crop diseases: Late Blight.
[2026-07-20T21:21:42.881320] ⚠️ Harmful Weather Warning: Extreme heat (23.0°C) or humidity (92.0%) detected. High risk of heat stress or bacterial leaf spot propagation.
[2026-07-20T21:21:42.945434] ⚠️ Disease risk warning! High or critical risk of crop diseases: Late Blight.
[2026-07-20T21:22:23.954597] ⚠️ Harmful Weather Warning: Extreme heat (23.0°C) or humidity (92.0%) detected. High risk of heat stress or bacterial leaf spot propagation.
[2026-07-20T21:22:23.957549] ⚠️ Disease risk warning! High or critical risk of crop diseases: Late Blight.
[2026-07-20T21:22:23.973712] ⚠️ Harmful Weather Warning: Extreme heat (23.0°C) or humidity (92.0%) detected. High risk of heat stress or bacterial leaf spot propagation.
[2026-07-20T21:22:23.973712] ⚠️ Disease risk warning! High or critical risk of crop diseases: Late Blight.
[2026-07-20T21:26:04.015648] ⚠️ Harmful Weather Warning: Extreme heat (23.0°C) or humidity (92.0%) detected. High risk of heat stress or bacterial leaf spot propagation.
[2026-07-20T21:26:04.087188] ⚠️ Disease risk warning! High or critical risk of crop diseases: Late Blight.
[2026-07-20T21:26:04.266452] ⚠️ Harmful Weather Warning: Extreme heat (23.0°C) or humidity (92.0%) detected. High risk of heat stress or bacterial leaf spot propagation.
[2026-07-20T21:26:04.266452] ⚠️ Disease risk warning! High or critical risk of crop diseases: Late Blight.
[2026-07-20T21:26:30.311405] ⚠️ Harmful Weather Warning: Extreme heat (23.0°C) or humidity (92.0%) detected. High risk of heat stress or bacterial leaf spot propagation.
[2026-07-20T21:26:30.320278] ⚠️ Disease risk warning! High or critical risk of crop diseases: Late Blight.
[2026-07-20T21:26:30.885760] ⚠️ Harmful Weather Warning: Extreme heat (23.0°C) or humidity (92.0%) detected. High risk of heat stress or bacterial leaf spot propagation.
[2026-07-20T21:26:30.885760] ⚠️ Disease risk warning! High or critical risk of crop diseases: Late Blight.
[2026-07-20T21:33:59.059896] ⚠️ Harmful Weather Warning: Extreme heat (23.0°C) or humidity (92.0%) detected. High risk of heat stress or bacterial leaf spot propagation.
[2026-07-20T21:33:59.064693] ⚠️ Disease risk warning! High or critical risk of crop diseases: Late Blight.
[2026-07-20T21:33:59.264185] ⚠️ Harmful Weather Warning: Extreme heat (23.0°C) or humidity (92.0%) detected. High risk of heat stress or bacterial leaf spot propagation.
[2026-07-20T21:33:59.264937] ⚠️ Disease risk warning! High or critical risk of crop diseases: Late Blight.
[2026-07-20T21:34:54.944679] ⚠️ Harmful Weather Warning: Extreme heat (23.0°C) or humidity (92.0%) detected. High risk of heat stress or bacterial leaf spot propagation.
[2026-07-20T21:34:54.944679] ⚠️ Disease risk warning! High or critical risk of crop diseases: Late Blight.
[2026-07-20T21:34:55.278775] ⚠️ Harmful Weather Warning: Extreme heat (23.0°C) or humidity (92.0%) detected. High risk of heat stress or bacterial leaf spot propagation.
[2026-07-20T21:34:55.278775] ⚠️ Disease risk warning! High or critical risk of crop diseases: Late Blight.
[2026-07-20T21:36:02.572880] ⚠️ Harmful Weather Warning: Extreme heat (23.0°C) or humidity (92.0%) detected. High risk of heat stress or bacterial leaf spot propagation.
[2026-07-20T21:36:02.575786] ⚠️ Disease risk warning! High or critical risk of crop diseases: Late Blight.
[2026-07-20T21:36:02.741144] ⚠️ Harmful Weather Warning: Extreme heat (23.0°C) or humidity (92.0%) detected. High risk of heat stress or bacterial leaf spot propagation.
[2026-07-20T21:36:02.748447] ⚠️ Disease risk warning! High or critical risk of crop diseases: Late Blight.
[2026-07-20T21:36:49.130692] ⚠️ Harmful Weather Warning: Extreme heat (23.0°C) or humidity (92.0%) detected. High risk of heat stress or bacterial leaf spot propagation.
[2026-07-20T21:36:49.134168] ⚠️ Disease risk warning! High or critical risk of crop diseases: Late Blight.
[2026-07-20T21:36:49.653840] ⚠️ Harmful Weather Warning: Extreme heat (23.0°C) or humidity (92.0%) detected. High risk of heat stress or bacterial leaf spot propagation.
[2026-07-20T21:36:49.657807] ⚠️ Disease risk warning! High or critical risk of crop diseases: Late Blight.
[2026-07-20T21:41:07.220564] ⚠️ Harmful Weather Warning: Extreme heat (23.0°C) or humidity (92.0%) detected. High risk of heat stress or bacterial leaf spot propagation.
[2026-07-20T21:41:07.227572] ⚠️ Disease risk warning! High or critical risk of crop diseases: Late Blight.
[2026-07-20T21:41:07.509319] ⚠️ Harmful Weather Warning: Extreme heat (23.0°C) or humidity (92.0%) detected. High risk of heat stress or bacterial leaf spot propagation.
[2026-07-20T21:41:07.519001] ⚠️ Disease risk warning! High or critical risk of crop diseases: Late Blight.
[2026-07-20T21:46:05.735352] ⚠️ Harmful Weather Warning: Extreme heat (23.0°C) or humidity (92.0%) detected. High risk of heat stress or bacterial leaf spot propagation.
[2026-07-20T21:46:05.737873] ⚠️ Disease risk warning! High or critical risk of crop diseases: Late Blight.
[2026-07-20T21:46:45.211585] ⚠️ Harmful Weather Warning: Extreme heat (23.0°C) or humidity (93.0%) detected. High risk of heat stress or bacterial leaf spot propagation.
[2026-07-20T21:46:45.211585] ⚠️ Disease risk warning! High or critical risk of crop diseases: Late Blight.
[2026-07-20T21:46:50.981843] ⚠️ Harmful Weather Warning: Extreme heat (23.0°C) or humidity (93.0%) detected. High risk of heat stress or bacterial leaf spot propagation.
[2026-07-20T21:46:50.985124] ⚠️ Disease risk warning! High or critical risk of crop diseases: Late Blight.
[2026-07-20T21:48:35.518116] ⚠️ Harmful Weather Warning: Extreme heat (23.0°C) or humidity (92.0%) detected. High risk of heat stress or bacterial leaf spot propagation.
[2026-07-20T21:48:35.653962] ⚠️ Disease risk warning! High or critical risk of crop diseases: Late Blight.
[2026-07-20T21:48:35.667688] ⚠️ Harmful Weather Warning: Extreme heat (23.0°C) or humidity (92.0%) detected. High risk of heat stress or bacterial leaf spot propagation.
[2026-07-20T21:48:35.672711] ⚠️ Disease risk warning! High or critical risk of crop diseases: Late Blight.
[2026-07-20T21:50:30.164927] ⚠️ Harmful Weather Warning: Extreme heat (23.0°C) or humidity (92.0%) detected. High risk of heat stress or bacterial leaf spot propagation.
[2026-07-20T21:50:30.164927] ⚠️ Disease risk warning! High or critical risk of crop diseases: Late Blight.
[2026-07-20T21:50:30.178033] ⚠️ Harmful Weather Warning: Extreme heat (23.0°C) or humidity (92.0%) detected. High risk of heat stress or bacterial leaf spot propagation.
[2026-07-20T21:50:30.178033] ⚠️ Disease risk warning! High or critical risk of crop diseases: Late Blight.
[2026-07-20T22:00:05.589741] ⚠️ Harmful Weather Warning: Extreme heat (23.0°C) or humidity (92.0%) detected. High risk of heat stress or bacterial leaf spot propagation.
[2026-07-20T22:00:05.589741] ⚠️ Disease risk warning! High or critical risk of crop diseases: Late Blight.
[2026-07-20T22:00:05.597730] ⚠️ Harmful Weather Warning: Extreme heat (23.0°C) or humidity (92.0%) detected. High risk of heat stress or bacterial leaf spot propagation.
[2026-07-20T22:00:05.597730] ⚠️ Disease risk warning! High or critical risk of crop diseases: Late Blight.
[2026-07-20T22:02:35.154362] ⚠️ Harmful Weather Warning: Extreme heat (23.0°C) or humidity (92.0%) detected. High risk of heat stress or bacterial leaf spot propagation.
[2026-07-20T22:02:35.156458] ⚠️ Disease risk warning! High or critical risk of crop diseases: Late Blight.
[2026-07-20T22:02:35.166250] ⚠️ Harmful Weather Warning: Extreme heat (23.0°C) or humidity (92.0%) detected. High risk of heat stress or bacterial leaf spot propagation.
[2026-07-20T22:02:35.167697] ⚠️ Disease risk warning! High or critical risk of crop diseases: Late Blight.
[2026-07-20T22:11:14.596613] ⚠️ Harmful Weather Warning: Extreme heat (23.0°C) or humidity (93.0%) detected. High risk of heat stress or bacterial leaf spot propagation.
[2026-07-20T22:11:14.600702] ⚠️ Disease risk warning! High or critical risk of crop diseases: Late Blight.
[2026-07-20T22:11:14.898472] ⚠️ Harmful Weather Warning: Extreme heat (23.0°C) or humidity (93.0%) detected. High risk of heat stress or bacterial leaf spot propagation.
[2026-07-20T22:11:14.901303] ⚠️ Disease risk warning! High or critical risk of crop diseases: Late Blight.
[2026-07-20T22:12:15.451084] ⚠️ Harmful Weather Warning: Extreme heat (23.0°C) or humidity (93.0%) detected. High risk of heat stress or bacterial leaf spot propagation.
[2026-07-20T22:12:15.451084] ⚠️ Disease risk warning! High or critical risk of crop diseases: Late Blight.
[2026-07-20T22:12:17.282308] ⚠️ Harmful Weather Warning: Extreme heat (23.0°C) or humidity (93.0%) detected. High risk of heat stress or bacterial leaf spot propagation.
[2026-07-20T22:12:17.284022] ⚠️ Disease risk warning! High or critical risk of crop diseases: Late Blight.
[2026-07-21T12:24:43.828015] ⚠️ Harmful Weather Warning: Extreme heat (23.0°C) or humidity (92.0%) detected. High risk of heat stress or bacterial leaf spot propagation.
[2026-07-21T12:24:43.837801] ⚠️ Disease risk warning! High or critical risk of crop diseases: Late Blight.
[2026-07-21T12:24:43.874068] ⚠️ Harmful Weather Warning: Extreme heat (23.0°C) or humidity (92.0%) detected. High risk of heat stress or bacterial leaf spot propagation.
[2026-07-21T12:24:43.877527] ⚠️ Disease risk warning! High or critical risk of crop diseases: Late Blight.
[2026-07-21T12:25:19.494287] ⚠️ Harmful Weather Warning: Extreme heat (23.0°C) or humidity (92.0%) detected. High risk of heat stress or bacterial leaf spot propagation.
[2026-07-21T12:25:19.507920] ⚠️ Disease risk warning! High or critical risk of crop diseases: Late Blight.
[2026-07-21T12:25:19.538493] ⚠️ Harmful Weather Warning: Extreme heat (23.0°C) or humidity (92.0%) detected. High risk of heat stress or bacterial leaf spot propagation.
[2026-07-21T12:25:19.541391] ⚠️ Disease risk warning! High or critical risk of crop diseases: Late Blight.
[2026-07-21T12:40:08.006488] ⚠️ Harmful Weather Warning: Extreme heat (23.0°C) or humidity (92.0%) detected. High risk of heat stress or bacterial leaf spot propagation.
[2026-07-21T12:40:08.008665] ⚠️ Disease risk warning! High or critical risk of crop diseases: Late Blight.
[2026-07-21T12:40:11.270084] ⚠️ Harmful Weather Warning: Extreme heat (23.0°C) or humidity (92.0%) detected. High risk of heat stress or bacterial leaf spot propagation.
[2026-07-21T12:40:11.271778] ⚠️ Disease risk warning! High or critical risk of crop diseases: Late Blight.
[2026-07-21T12:46:43.067156] ⚠️ Harmful Weather Warning: Extreme heat (23.0°C) or humidity (92.0%) detected. High risk of heat stress or bacterial leaf spot propagation.
[2026-07-21T12:46:43.073177] ⚠️ Disease risk warning! High or critical risk of crop diseases: Late Blight.
[2026-07-21T12:46:49.730267] ⚠️ Harmful Weather Warning: Extreme heat (23.0°C) or humidity (92.0%) detected. High risk of heat stress or bacterial leaf spot propagation.
[2026-07-21T12:46:49.732100] ⚠️ Disease risk warning! High or critical risk of crop diseases: Late Blight.
[2026-07-21T12:46:57.632080] ⚠️ Harmful Weather Warning: Extreme heat (23.0°C) or humidity (92.0%) detected. High risk of heat stress or bacterial leaf spot propagation.
[2026-07-21T12:46:57.638603] ⚠️ Disease risk warning! High or critical risk of crop diseases: Late Blight.
[2026-07-21T12:47:26.538256] ⚠️ Harmful Weather Warning: Extreme heat (23.0°C) or humidity (92.0%) detected. High risk of heat stress or bacterial leaf spot propagation.
[2026-07-21T12:47:26.542275] ⚠️ Disease risk warning! High or critical risk of crop diseases: Late Blight.
[2026-07-21T12:48:56.141116] ⚠️ Critical Weather Alert: Rain is predicted in the upcoming 3 hours. Precipitation: 0.4 mm. Protect sensitive field crops.
[2026-07-21T12:48:56.143889] ⚠️ Disease risk warning! High or critical risk of crop diseases: Late Blight, Early Blight, Anthracnose.
[2026-07-21T12:49:00.232307] ⚠️ Critical Weather Alert: Rain is predicted in the upcoming 3 hours. Precipitation: 0.4 mm. Protect sensitive field crops.
[2026-07-21T12:49:00.237893] ⚠️ Disease risk warning! High or critical risk of crop diseases: Late Blight, Early Blight, Anthracnose.
[2026-07-21T12:49:43.699678] ⚠️ Critical Weather Alert: Rain is predicted in the upcoming 3 hours. Precipitation: 0.4 mm. Protect sensitive field crops.
[2026-07-21T12:49:43.703987] ⚠️ Disease risk warning! High or critical risk of crop diseases: Late Blight, Early Blight, Anthracnose.
[2026-07-21T12:50:37.761511] ⚠️ Critical Weather Alert: Rain is predicted in the upcoming 3 hours. Precipitation: 0.4 mm. Protect sensitive field crops.
[2026-07-21T12:50:37.766833] ⚠️ Disease risk warning! High or critical risk of crop diseases: Late Blight, Early Blight, Anthracnose.
[2026-07-21T12:50:38.835975] ⚠️ Critical Weather Alert: Rain is predicted in the upcoming 3 hours. Precipitation: 0.4 mm. Protect sensitive field crops.
[2026-07-21T12:50:38.837990] ⚠️ Disease risk warning! High or critical risk of crop diseases: Late Blight, Early Blight, Anthracnose.
[2026-07-21T12:57:51.565919] ⚠️ Critical Weather Alert: Rain is predicted in the upcoming 3 hours. Precipitation: 0.4 mm. Protect sensitive field crops.
[2026-07-21T12:57:51.726197] ⚠️ Disease risk warning! High or critical risk of crop diseases: Late Blight, Early Blight, Anthracnose.
[2026-07-21T12:57:51.945255] ⚠️ Critical Weather Alert: Rain is predicted in the upcoming 3 hours. Precipitation: 0.4 mm. Protect sensitive field crops.
[2026-07-21T12:57:51.947262] ⚠️ Disease risk warning! High or critical risk of crop diseases: Late Blight, Early Blight, Anthracnose.
[2026-07-21T12:59:34.227946] ⚠️ Critical Weather Alert: Rain is predicted in the upcoming 3 hours. Precipitation: 0.4 mm. Protect sensitive field crops.
[2026-07-21T12:59:34.230001] ⚠️ Disease risk warning! High or critical risk of crop diseases: Late Blight, Early Blight, Anthracnose.
[2026-07-21T12:59:34.261297] ⚠️ Critical Weather Alert: Rain is predicted in the upcoming 3 hours. Precipitation: 0.4 mm. Protect sensitive field crops.
[2026-07-21T12:59:34.262306] ⚠️ Disease risk warning! High or critical risk of crop diseases: Late Blight, Early Blight, Anthracnose.
[2026-07-21T13:17:33.227001] ⚠️ Critical Weather Alert: Rain is predicted in the upcoming 3 hours. Precipitation: 0.4 mm. Protect sensitive field crops.
[2026-07-21T13:17:33.229508] ⚠️ Disease risk warning! High or critical risk of crop diseases: Late Blight, Early Blight, Anthracnose.
[2026-07-21T13:17:33.245480] ⚠️ Critical Weather Alert: Rain is predicted in the upcoming 3 hours. Precipitation: 0.4 mm. Protect sensitive field crops.
[2026-07-21T13:17:33.252923] ⚠️ Disease risk warning! High or critical risk of crop diseases: Late Blight, Early Blight, Anthracnose.
[2026-07-21T13:19:09.117995] ⚠️ Critical Weather Alert: Rain is predicted in the upcoming 3 hours. Precipitation: 0.4 mm. Protect sensitive field crops.
[2026-07-21T13:19:09.120201] ⚠️ Disease risk warning! High or critical risk of crop diseases: Late Blight, Early Blight, Anthracnose.
[2026-07-21T13:19:09.263159] ⚠️ Critical Weather Alert: Rain is predicted in the upcoming 3 hours. Precipitation: 0.4 mm. Protect sensitive field crops.
[2026-07-21T13:19:09.267161] ⚠️ Disease risk warning! High or critical risk of crop diseases: Late Blight, Early Blight, Anthracnose.
[2026-07-21T14:25:39.555509] ⚠️ Critical Weather Alert: Rain is predicted in the upcoming 3 hours. Precipitation: 0.4 mm. Protect sensitive field crops.
[2026-07-21T14:25:39.758918] ⚠️ Disease risk warning! High or critical risk of crop diseases: Late Blight, Early Blight, Anthracnose.
[2026-07-21T14:25:39.779843] ⚠️ Critical Weather Alert: Rain is predicted in the upcoming 3 hours. Precipitation: 0.4 mm. Protect sensitive field crops.
[2026-07-21T14:25:39.789733] ⚠️ Disease risk warning! High or critical risk of crop diseases: Late Blight, Early Blight, Anthracnose.
[2026-07-21T15:36:26.359063] ⚠️ Critical Weather Alert: Rain is predicted in the upcoming 3 hours. Precipitation: 0.1 mm. Protect sensitive field crops.
[2026-07-21T15:36:26.397052] ⚠️ Harmful Weather Warning: Extreme heat (27.0°C) or humidity (87.0%) detected. High risk of heat stress or bacterial leaf spot propagation.
[2026-07-21T15:36:26.401024] ⚠️ Disease risk warning! High or critical risk of crop diseases: Early Blight, Anthracnose.
[2026-07-21T15:36:55.534817] ⚠️ Harmful Weather Warning: Extreme heat (23.0°C) or humidity (92.0%) detected. High risk of heat stress or bacterial leaf spot propagation.
[2026-07-21T15:36:55.556074] ⚠️ Disease risk warning! High or critical risk of crop diseases: Late Blight.
[2026-07-21T15:49:31.355509] ⚠️ Harmful Weather Warning: Extreme heat (23.0°C) or humidity (92.0%) detected. High risk of heat stress or bacterial leaf spot propagation.
[2026-07-21T15:49:31.358891] ⚠️ Disease risk warning! High or critical risk of crop diseases: Late Blight.
[2026-07-21T15:49:31.376303] ⚠️ Harmful Weather Warning: Extreme heat (23.0°C) or humidity (92.0%) detected. High risk of heat stress or bacterial leaf spot propagation.
[2026-07-21T15:49:31.390428] ⚠️ Disease risk warning! High or critical risk of crop diseases: Late Blight.
[2026-07-21T15:52:17.913188] ⚠️ Critical Weather Alert: Rain is predicted in the upcoming 3 hours. Precipitation: 0.1 mm. Protect sensitive field crops.
[2026-07-21T15:52:17.926056] ⚠️ Harmful Weather Warning: Extreme heat (25.0°C) or humidity (88.0%) detected. High risk of heat stress or bacterial leaf spot propagation.
[2026-07-21T15:52:17.927858] ⚠️ Disease risk warning! High or critical risk of crop diseases: Late Blight, Early Blight, Anthracnose.
[2026-07-21T15:52:18.347433] ⚠️ Critical Weather Alert: Rain is predicted in the upcoming 3 hours. Precipitation: 0.1 mm. Protect sensitive field crops.
[2026-07-21T15:52:18.427952] ⚠️ Harmful Weather Warning: Extreme heat (25.0°C) or humidity (88.0%) detected. High risk of heat stress or bacterial leaf spot propagation.
[2026-07-21T15:52:18.446539] ⚠️ Disease risk warning! High or critical risk of crop diseases: Late Blight, Early Blight, Anthracnose.
[2026-07-21T17:08:59.595205] ⚠️ Harmful Weather Warning: Extreme heat (23.0°C) or humidity (92.0%) detected. High risk of heat stress or bacterial leaf spot propagation.
[2026-07-21T17:08:59.602703] ⚠️ Disease risk warning! High or critical risk of crop diseases: Late Blight.
[2026-07-21T17:08:59.627901] ⚠️ Harmful Weather Warning: Extreme heat (23.0°C) or humidity (92.0%) detected. High risk of heat stress or bacterial leaf spot propagation.
[2026-07-21T17:08:59.629833] ⚠️ Disease risk warning! High or critical risk of crop diseases: Late Blight.
[2026-07-21T17:41:13.837001] ⚠️ Harmful Weather Warning: Extreme heat (23.0°C) or humidity (92.0%) detected. High risk of heat stress or bacterial leaf spot propagation.
[2026-07-21T17:41:13.847545] ⚠️ Disease risk warning! High or critical risk of crop diseases: Late Blight.
[2026-07-21T17:41:13.859506] ⚠️ Harmful Weather Warning: Extreme heat (23.0°C) or humidity (92.0%) detected. High risk of heat stress or bacterial leaf spot propagation.
[2026-07-21T17:41:13.864890] ⚠️ Disease risk warning! High or critical risk of crop diseases: Late Blight.
[2026-07-21T23:06:12.873463] ⚠️ Critical Weather Alert: Rain is predicted in the upcoming 3 hours. Precipitation: 0.2 mm. Protect sensitive field crops.
[2026-07-21T23:06:12.875472] ⚠️ Harmful Weather Warning: Extreme heat (22.0°C) or humidity (94.0%) detected. High risk of heat stress or bacterial leaf spot propagation.
[2026-07-21T23:06:12.879959] ⚠️ Disease risk warning! High or critical risk of crop diseases: Late Blight, Downy Mildew, Root Rot / Damping Off.
[2026-07-21T23:06:12.886875] ⚠️ Critical Weather Alert: Rain is predicted in the upcoming 3 hours. Precipitation: 0.2 mm. Protect sensitive field crops.
[2026-07-21T23:06:12.889532] ⚠️ Harmful Weather Warning: Extreme heat (22.0°C) or humidity (94.0%) detected. High risk of heat stress or bacterial leaf spot propagation.
[2026-07-21T23:06:12.889532] ⚠️ Disease risk warning! High or critical risk of crop diseases: Late Blight, Downy Mildew, Root Rot / Damping Off.
[2026-07-22T16:48:21.381522] ⚠️ Critical Weather Alert: Rain is predicted in the upcoming 3 hours. Precipitation: 0.1 mm. Protect sensitive field crops.
[2026-07-22T16:48:21.407226] ⚠️ Harmful Weather Warning: Extreme heat (22.0°C) or humidity (95.0%) detected. High risk of heat stress or bacterial leaf spot propagation.
[2026-07-22T16:48:21.409590] ⚠️ Disease risk warning! High or critical risk of crop diseases: Late Blight, Downy Mildew, Root Rot / Damping Off.
[2026-07-22T16:48:21.433929] ⚠️ Critical Weather Alert: Rain is predicted in the upcoming 3 hours. Precipitation: 0.1 mm. Protect sensitive field crops.
[2026-07-22T16:48:21.436616] ⚠️ Harmful Weather Warning: Extreme heat (22.0°C) or humidity (95.0%) detected. High risk of heat stress or bacterial leaf spot propagation.
[2026-07-22T16:48:21.439654] ⚠️ Disease risk warning! High or critical risk of crop diseases: Late Blight, Downy Mildew, Root Rot / Damping Off.
[2026-07-22T17:05:06.508392] ⚠️ Critical Weather Alert: Rain is predicted in the upcoming 3 hours. Precipitation: 0.1 mm. Protect sensitive field crops.
[2026-07-22T17:05:06.517206] ⚠️ Harmful Weather Warning: Extreme heat (22.0°C) or humidity (95.0%) detected. High risk of heat stress or bacterial leaf spot propagation.
[2026-07-22T17:05:06.521024] ⚠️ Disease risk warning! High or critical risk of crop diseases: Late Blight, Downy Mildew, Root Rot / Damping Off.
[2026-07-22T17:05:06.964587] ⚠️ Critical Weather Alert: Rain is predicted in the upcoming 3 hours. Precipitation: 0.1 mm. Protect sensitive field crops.
[2026-07-22T17:05:06.976114] ⚠️ Harmful Weather Warning: Extreme heat (22.0°C) or humidity (95.0%) detected. High risk of heat stress or bacterial leaf spot propagation.
[2026-07-22T17:05:06.984107] ⚠️ Disease risk warning! High or critical risk of crop diseases: Late Blight, Downy Mildew, Root Rot / Damping Off.
[2026-07-22T17:07:06.046889] ⚠️ Critical Weather Alert: Rain is predicted in the upcoming 3 hours. Precipitation: 0.1 mm. Protect sensitive field crops.
[2026-07-22T17:07:06.046889] ⚠️ Harmful Weather Warning: Extreme heat (22.0°C) or humidity (95.0%) detected. High risk of heat stress or bacterial leaf spot propagation.
[2026-07-22T17:07:06.050297] ⚠️ Disease risk warning! High or critical risk of crop diseases: Late Blight, Downy Mildew, Root Rot / Damping Off.
[2026-07-22T17:07:27.833013] ⚠️ Critical Weather Alert: Rain is predicted in the upcoming 3 hours. Precipitation: 0.1 mm. Protect sensitive field crops.
[2026-07-22T17:07:27.834933] ⚠️ Harmful Weather Warning: Extreme heat (23.0°C) or humidity (94.0%) detected. High risk of heat stress or bacterial leaf spot propagation.
[2026-07-22T17:07:27.835984] ⚠️ Disease risk warning! High or critical risk of crop diseases: Late Blight, Root Rot / Damping Off.
[2026-07-22T19:27:23.378168] ⚠️ Critical Weather Alert: Rain is predicted in the upcoming 3 hours. Precipitation: 0.1 mm. Protect sensitive field crops.
[2026-07-22T19:27:23.441832] ⚠️ Harmful Weather Warning: Extreme heat (23.0°C) or humidity (94.0%) detected. High risk of heat stress or bacterial leaf spot propagation.
[2026-07-22T19:27:23.446083] ⚠️ Disease risk warning! High or critical risk of crop diseases: Late Blight, Root Rot / Damping Off.
[2026-07-22T19:27:23.476775] ⚠️ Critical Weather Alert: Rain is predicted in the upcoming 3 hours. Precipitation: 0.1 mm. Protect sensitive field crops.
[2026-07-22T19:27:23.477780] ⚠️ Harmful Weather Warning: Extreme heat (23.0°C) or humidity (94.0%) detected. High risk of heat stress or bacterial leaf spot propagation.
[2026-07-22T19:27:23.479291] ⚠️ Disease risk warning! High or critical risk of crop diseases: Late Blight, Root Rot / Damping Off.
[2026-07-22T19:31:58.998567] ⚠️ Critical Weather Alert: Rain is predicted in the upcoming 3 hours. Precipitation: 0.1 mm. Protect sensitive field crops.
[2026-07-22T19:31:59.002217] ⚠️ Harmful Weather Warning: Extreme heat (23.0°C) or humidity (94.0%) detected. High risk of heat stress or bacterial leaf spot propagation.
[2026-07-22T19:31:59.003953] ⚠️ Disease risk warning! High or critical risk of crop diseases: Late Blight, Root Rot / Damping Off.
[2026-07-22T19:31:59.042332] ⚠️ Critical Weather Alert: Rain is predicted in the upcoming 3 hours. Precipitation: 0.1 mm. Protect sensitive field crops.
[2026-07-22T19:31:59.044338] ⚠️ Harmful Weather Warning: Extreme heat (23.0°C) or humidity (94.0%) detected. High risk of heat stress or bacterial leaf spot propagation.
[2026-07-22T19:31:59.048271] ⚠️ Disease risk warning! High or critical risk of crop diseases: Late Blight, Root Rot / Damping Off.
[2026-07-22T19:33:14.818747] ⚠️ Critical Weather Alert: Rain is predicted in the upcoming 3 hours. Precipitation: 0.1 mm. Protect sensitive field crops.
[2026-07-22T19:33:14.820421] ⚠️ Harmful Weather Warning: Extreme heat (23.0°C) or humidity (94.0%) detected. High risk of heat stress or bacterial leaf spot propagation.
[2026-07-22T19:33:14.827124] ⚠️ Disease risk warning! High or critical risk of crop diseases: Late Blight, Root Rot / Damping Off.
[2026-07-22T19:33:14.860117] ⚠️ Critical Weather Alert: Rain is predicted in the upcoming 3 hours. Precipitation: 0.1 mm. Protect sensitive field crops.
[2026-07-22T19:33:14.866800] ⚠️ Harmful Weather Warning: Extreme heat (23.0°C) or humidity (94.0%) detected. High risk of heat stress or bacterial leaf spot propagation.
[2026-07-22T19:33:14.868807] ⚠️ Disease risk warning! High or critical risk of crop diseases: Late Blight, Root Rot / Damping Off.
[2026-07-22T19:34:48.356831] ⚠️ Critical Weather Alert: Rain is predicted in the upcoming 3 hours. Precipitation: 0.1 mm. Protect sensitive field crops.
[2026-07-22T19:34:48.359346] ⚠️ Harmful Weather Warning: Extreme heat (23.0°C) or humidity (94.0%) detected. High risk of heat stress or bacterial leaf spot propagation.
[2026-07-22T19:34:48.360389] ⚠️ Disease risk warning! High or critical risk of crop diseases: Late Blight, Root Rot / Damping Off.
[2026-07-22T19:34:48.364659] ⚠️ Critical Weather Alert: Rain is predicted in the upcoming 3 hours. Precipitation: 0.1 mm. Protect sensitive field crops.
[2026-07-22T19:34:48.369711] ⚠️ Harmful Weather Warning: Extreme heat (23.0°C) or humidity (94.0%) detected. High risk of heat stress or bacterial leaf spot propagation.
[2026-07-22T19:34:48.374832] ⚠️ Disease risk warning! High or critical risk of crop diseases: Late Blight, Root Rot / Damping Off.
[2026-07-22T19:35:12.756522] ⚠️ Critical Weather Alert: Rain is predicted in the upcoming 3 hours. Precipitation: 0.1 mm. Protect sensitive field crops.
[2026-07-22T19:35:12.780733] ⚠️ Harmful Weather Warning: Extreme heat (23.0°C) or humidity (94.0%) detected. High risk of heat stress or bacterial leaf spot propagation.
[2026-07-22T19:35:12.782983] ⚠️ Disease risk warning! High or critical risk of crop diseases: Late Blight, Root Rot / Damping Off.
[2026-07-22T19:35:12.817150] ⚠️ Critical Weather Alert: Rain is predicted in the upcoming 3 hours. Precipitation: 0.1 mm. Protect sensitive field crops.
[2026-07-22T19:35:12.828197] ⚠️ Harmful Weather Warning: Extreme heat (23.0°C) or humidity (94.0%) detected. High risk of heat stress or bacterial leaf spot propagation.
[2026-07-22T19:35:12.833566] ⚠️ Disease risk warning! High or critical risk of crop diseases: Late Blight, Root Rot / Damping Off.
[2026-07-22T20:00:43.604260] ⚠️ Critical Weather Alert: Rain is predicted in the upcoming 3 hours. Precipitation: 0.1 mm. Protect sensitive field crops.
[2026-07-22T20:00:43.632456] ⚠️ Harmful Weather Warning: Extreme heat (23.0°C) or humidity (94.0%) detected. High risk of heat stress or bacterial leaf spot propagation.
[2026-07-22T20:00:43.637889] ⚠️ Disease risk warning! High or critical risk of crop diseases: Late Blight, Root Rot / Damping Off.
[2026-07-22T20:00:43.689501] ⚠️ Critical Weather Alert: Rain is predicted in the upcoming 3 hours. Precipitation: 0.1 mm. Protect sensitive field crops.
[2026-07-22T20:00:43.690030] ⚠️ Harmful Weather Warning: Extreme heat (23.0°C) or humidity (94.0%) detected. High risk of heat stress or bacterial leaf spot propagation.
[2026-07-22T20:00:43.701306] ⚠️ Disease risk warning! High or critical risk of crop diseases: Late Blight, Root Rot / Damping Off.
[2026-07-22T20:01:00.815507] ⚠️ Critical Weather Alert: Rain is predicted in the upcoming 3 hours. Precipitation: 0.1 mm. Protect sensitive field crops.
[2026-07-22T20:01:00.838979] ⚠️ Harmful Weather Warning: Extreme heat (23.0°C) or humidity (94.0%) detected. High risk of heat stress or bacterial leaf spot propagation.
[2026-07-22T20:01:00.842971] ⚠️ Disease risk warning! High or critical risk of crop diseases: Late Blight, Root Rot / Damping Off.
[2026-07-22T20:01:00.863203] ⚠️ Critical Weather Alert: Rain is predicted in the upcoming 3 hours. Precipitation: 0.1 mm. Protect sensitive field crops.
[2026-07-22T20:01:00.869597] ⚠️ Harmful Weather Warning: Extreme heat (23.0°C) or humidity (94.0%) detected. High risk of heat stress or bacterial leaf spot propagation.
[2026-07-22T20:01:00.872300] ⚠️ Disease risk warning! High or critical risk of crop diseases: Late Blight, Root Rot / Damping Off.
[2026-07-22T20:03:10.764448] ⚠️ Critical Weather Alert: Rain is predicted in the upcoming 3 hours. Precipitation: 0.1 mm. Protect sensitive field crops.
[2026-07-22T20:03:10.775810] ⚠️ Harmful Weather Warning: Extreme heat (23.0°C) or humidity (94.0%) detected. High risk of heat stress or bacterial leaf spot propagation.
[2026-07-22T20:03:10.777188] ⚠️ Disease risk warning! High or critical risk of crop diseases: Late Blight, Root Rot / Damping Off.
[2026-07-22T20:03:10.796561] ⚠️ Critical Weather Alert: Rain is predicted in the upcoming 3 hours. Precipitation: 0.1 mm. Protect sensitive field crops.
[2026-07-22T20:03:10.809052] ⚠️ Harmful Weather Warning: Extreme heat (23.0°C) or humidity (94.0%) detected. High risk of heat stress or bacterial leaf spot propagation.
[2026-07-22T20:03:10.812151] ⚠️ Disease risk warning! High or critical risk of crop diseases: Late Blight, Root Rot / Damping Off.
[2026-07-22T20:06:10.187184] ⚠️ Critical Weather Alert: Rain is predicted in the upcoming 3 hours. Precipitation: 0.1 mm. Protect sensitive field crops.
[2026-07-22T20:06:10.202436] ⚠️ Harmful Weather Warning: Extreme heat (23.0°C) or humidity (94.0%) detected. High risk of heat stress or bacterial leaf spot propagation.
[2026-07-22T20:06:10.220810] ⚠️ Disease risk warning! High or critical risk of crop diseases: Late Blight, Root Rot / Damping Off.
[2026-07-22T20:06:10.239274] ⚠️ Critical Weather Alert: Rain is predicted in the upcoming 3 hours. Precipitation: 0.1 mm. Protect sensitive field crops.
[2026-07-22T20:06:10.248792] ⚠️ Harmful Weather Warning: Extreme heat (23.0°C) or humidity (94.0%) detected. High risk of heat stress or bacterial leaf spot propagation.
[2026-07-22T20:06:10.250388] ⚠️ Disease risk warning! High or critical risk of crop diseases: Late Blight, Root Rot / Damping Off.
[2026-07-22T20:14:00.008916] ⚠️ Critical Weather Alert: Rain is predicted in the upcoming 3 hours. Precipitation: 0.1 mm. Protect sensitive field crops.
[2026-07-22T20:14:00.011927] ⚠️ Harmful Weather Warning: Extreme heat (23.0°C) or humidity (94.0%) detected. High risk of heat stress or bacterial leaf spot propagation.
[2026-07-22T20:14:00.013954] ⚠️ Disease risk warning! High or critical risk of crop diseases: Late Blight, Root Rot / Damping Off.
[2026-07-22T20:14:00.042774] ⚠️ Critical Weather Alert: Rain is predicted in the upcoming 3 hours. Precipitation: 0.1 mm. Protect sensitive field crops.
[2026-07-22T20:14:00.044782] ⚠️ Harmful Weather Warning: Extreme heat (23.0°C) or humidity (94.0%) detected. High risk of heat stress or bacterial leaf spot propagation.
[2026-07-22T20:14:00.046818] ⚠️ Disease risk warning! High or critical risk of crop diseases: Late Blight, Root Rot / Damping Off.
[2026-07-22T20:15:12.365975] ⚠️ Critical Weather Alert: Rain is predicted in the upcoming 3 hours. Precipitation: 0.1 mm. Protect sensitive field crops.
[2026-07-22T20:15:12.375826] ⚠️ Harmful Weather Warning: Extreme heat (23.0°C) or humidity (94.0%) detected. High risk of heat stress or bacterial leaf spot propagation.
[2026-07-22T20:15:12.421776] ⚠️ Disease risk warning! High or critical risk of crop diseases: Late Blight, Root Rot / Damping Off.
[2026-07-22T20:15:12.459537] ⚠️ Critical Weather Alert: Rain is predicted in the upcoming 3 hours. Precipitation: 0.1 mm. Protect sensitive field crops.
[2026-07-22T20:15:12.465476] ⚠️ Harmful Weather Warning: Extreme heat (23.0°C) or humidity (94.0%) detected. High risk of heat stress or bacterial leaf spot propagation.
[2026-07-22T20:15:12.469809] ⚠️ Disease risk warning! High or critical risk of crop diseases: Late Blight, Root Rot / Damping Off.
[2026-07-22T20:16:12.629400] ⚠️ Critical Weather Alert: Rain is predicted in the upcoming 3 hours. Precipitation: 0.1 mm. Protect sensitive field crops.
[2026-07-22T20:16:12.633501] ⚠️ Harmful Weather Warning: Extreme heat (23.0°C) or humidity (94.0%) detected. High risk of heat stress or bacterial leaf spot propagation.
[2026-07-22T20:16:12.639039] ⚠️ Disease risk warning! High or critical risk of crop diseases: Late Blight, Root Rot / Damping Off.
[2026-07-22T20:16:12.665092] ⚠️ Critical Weather Alert: Rain is predicted in the upcoming 3 hours. Precipitation: 0.1 mm. Protect sensitive field crops.
[2026-07-22T20:16:12.676774] ⚠️ Harmful Weather Warning: Extreme heat (23.0°C) or humidity (94.0%) detected. High risk of heat stress or bacterial leaf spot propagation.
[2026-07-22T20:16:12.677735] ⚠️ Disease risk warning! High or critical risk of crop diseases: Late Blight, Root Rot / Damping Off.
[2026-07-22T20:17:21.936773] ⚠️ Critical Weather Alert: Rain is predicted in the upcoming 3 hours. Precipitation: 0.1 mm. Protect sensitive field crops.
[2026-07-22T20:17:21.939930] ⚠️ Harmful Weather Warning: Extreme heat (23.0°C) or humidity (94.0%) detected. High risk of heat stress or bacterial leaf spot propagation.
[2026-07-22T20:17:21.940966] ⚠️ Disease risk warning! High or critical risk of crop diseases: Late Blight, Root Rot / Damping Off.
[2026-07-22T20:24:05.238147] ⚠️ Critical Weather Alert: Rain is predicted in the upcoming 3 hours. Precipitation: 0.1 mm. Protect sensitive field crops.
[2026-07-22T20:24:05.240162] ⚠️ Harmful Weather Warning: Extreme heat (23.0°C) or humidity (94.0%) detected. High risk of heat stress or bacterial leaf spot propagation.
[2026-07-22T20:24:05.246621] ⚠️ Disease risk warning! High or critical risk of crop diseases: Late Blight, Root Rot / Damping Off.
[2026-07-22T20:24:05.262426] ⚠️ Critical Weather Alert: Rain is predicted in the upcoming 3 hours. Precipitation: 0.1 mm. Protect sensitive field crops.
[2026-07-22T20:24:05.267289] ⚠️ Harmful Weather Warning: Extreme heat (23.0°C) or humidity (94.0%) detected. High risk of heat stress or bacterial leaf spot propagation.
[2026-07-22T20:24:05.269307] ⚠️ Disease risk warning! High or critical risk of crop diseases: Late Blight, Root Rot / Damping Off.
[2026-07-22T20:28:45.243235] ⚠️ Critical Weather Alert: Rain is predicted in the upcoming 3 hours. Precipitation: 0.1 mm. Protect sensitive field crops.
[2026-07-22T20:28:45.248976] ⚠️ Harmful Weather Warning: Extreme heat (23.0°C) or humidity (94.0%) detected. High risk of heat stress or bacterial leaf spot propagation.
[2026-07-22T20:28:45.264421] ⚠️ Disease risk warning! High or critical risk of crop diseases: Late Blight, Root Rot / Damping Off.
[2026-07-22T20:28:45.322500] ⚠️ Critical Weather Alert: Rain is predicted in the upcoming 3 hours. Precipitation: 0.1 mm. Protect sensitive field crops.
[2026-07-22T20:28:45.326088] ⚠️ Harmful Weather Warning: Extreme heat (23.0°C) or humidity (94.0%) detected. High risk of heat stress or bacterial leaf spot propagation.
[2026-07-22T20:28:45.329918] ⚠️ Disease risk warning! High or critical risk of crop diseases: Late Blight, Root Rot / Damping Off.
[2026-07-22T23:55:18.849139] ⚠️ Harmful Weather Warning: Extreme heat (22.0°C) or humidity (94.0%) detected. High risk of heat stress or bacterial leaf spot propagation.
[2026-07-22T23:55:18.852658] ⚠️ Disease risk warning! High or critical risk of crop diseases: Late Blight, Downy Mildew.
[2026-07-22T23:55:19.005099] ⚠️ Harmful Weather Warning: Extreme heat (22.0°C) or humidity (94.0%) detected. High risk of heat stress or bacterial leaf spot propagation.
[2026-07-22T23:55:19.008028] ⚠️ Disease risk warning! High or critical risk of crop diseases: Late Blight, Downy Mildew.
[2026-07-23T00:09:47.094431] ⚠️ Critical Weather Alert: Rain is predicted in the upcoming 3 hours. Precipitation: 0.2 mm. Protect sensitive field crops.
[2026-07-23T00:09:47.097791] ⚠️ Harmful Weather Warning: Extreme heat (22.0°C) or humidity (94.0%) detected. High risk of heat stress or bacterial leaf spot propagation.
[2026-07-23T00:09:47.099970] ⚠️ Disease risk warning! High or critical risk of crop diseases: Late Blight, Downy Mildew, Root Rot / Damping Off.
[2026-07-23T00:09:47.117165] ⚠️ Critical Weather Alert: Rain is predicted in the upcoming 3 hours. Precipitation: 0.2 mm. Protect sensitive field crops.
[2026-07-23T00:09:47.118673] ⚠️ Harmful Weather Warning: Extreme heat (22.0°C) or humidity (94.0%) detected. High risk of heat stress or bacterial leaf spot propagation.
[2026-07-23T00:09:47.122787] ⚠️ Disease risk warning! High or critical risk of crop diseases: Late Blight, Downy Mildew, Root Rot / Damping Off.
[2026-07-23T00:16:33.297512] ⚠️ Critical Weather Alert: Rain is predicted in the upcoming 3 hours. Precipitation: 0.2 mm. Protect sensitive field crops.
[2026-07-23T00:16:33.300564] ⚠️ Harmful Weather Warning: Extreme heat (22.0°C) or humidity (94.0%) detected. High risk of heat stress or bacterial leaf spot propagation.
[2026-07-23T00:16:33.307407] ⚠️ Disease risk warning! High or critical risk of crop diseases: Late Blight, Downy Mildew, Root Rot / Damping Off.
[2026-07-23T00:16:33.354957] ⚠️ Critical Weather Alert: Rain is predicted in the upcoming 3 hours. Precipitation: 0.2 mm. Protect sensitive field crops.
[2026-07-23T00:16:33.363562] ⚠️ Harmful Weather Warning: Extreme heat (22.0°C) or humidity (94.0%) detected. High risk of heat stress or bacterial leaf spot propagation.
[2026-07-23T00:16:33.370206] ⚠️ Disease risk warning! High or critical risk of crop diseases: Late Blight, Downy Mildew, Root Rot / Damping Off.
[2026-07-23T00:19:24.678106] ⚠️ Critical Weather Alert: Rain is predicted in the upcoming 3 hours. Precipitation: 0.2 mm. Protect sensitive field crops.
[2026-07-23T00:19:24.680247] ⚠️ Harmful Weather Warning: Extreme heat (22.0°C) or humidity (94.0%) detected. High risk of heat stress or bacterial leaf spot propagation.
[2026-07-23T00:19:24.687206] ⚠️ Disease risk warning! High or critical risk of crop diseases: Late Blight, Downy Mildew, Root Rot / Damping Off.
[2026-07-23T00:19:24.708053] ⚠️ Critical Weather Alert: Rain is predicted in the upcoming 3 hours. Precipitation: 0.2 mm. Protect sensitive field crops.
[2026-07-23T00:19:24.709055] ⚠️ Harmful Weather Warning: Extreme heat (22.0°C) or humidity (94.0%) detected. High risk of heat stress or bacterial leaf spot propagation.
[2026-07-23T00:19:24.712585] ⚠️ Disease risk warning! High or critical risk of crop diseases: Late Blight, Downy Mildew, Root Rot / Damping Off.
[2026-07-23T00:24:28.499720] ⚠️ Critical Weather Alert: Rain is predicted in the upcoming 3 hours. Precipitation: 0.2 mm. Protect sensitive field crops.
[2026-07-23T00:24:28.508068] ⚠️ Harmful Weather Warning: Extreme heat (22.0°C) or humidity (94.0%) detected. High risk of heat stress or bacterial leaf spot propagation.
[2026-07-23T00:24:28.513806] ⚠️ Disease risk warning! High or critical risk of crop diseases: Late Blight, Downy Mildew, Root Rot / Damping Off.
[2026-07-23T00:24:28.531630] ⚠️ Critical Weather Alert: Rain is predicted in the upcoming 3 hours. Precipitation: 0.2 mm. Protect sensitive field crops.
[2026-07-23T00:24:28.533289] ⚠️ Harmful Weather Warning: Extreme heat (22.0°C) or humidity (94.0%) detected. High risk of heat stress or bacterial leaf spot propagation.
[2026-07-23T00:24:28.544939] ⚠️ Disease risk warning! High or critical risk of crop diseases: Late Blight, Downy Mildew, Root Rot / Damping Off.
[2026-07-23T00:25:47.102326] ⚠️ Critical Weather Alert: Rain is predicted in the upcoming 3 hours. Precipitation: 0.2 mm. Protect sensitive field crops.
[2026-07-23T00:25:47.102326] ⚠️ Harmful Weather Warning: Extreme heat (22.0°C) or humidity (94.0%) detected. High risk of heat stress or bacterial leaf spot propagation.
[2026-07-23T00:25:47.113442] ⚠️ Disease risk warning! High or critical risk of crop diseases: Late Blight, Downy Mildew, Root Rot / Damping Off.
[2026-07-23T00:25:47.128307] ⚠️ Critical Weather Alert: Rain is predicted in the upcoming 3 hours. Precipitation: 0.2 mm. Protect sensitive field crops.
[2026-07-23T00:25:47.133500] ⚠️ Harmful Weather Warning: Extreme heat (22.0°C) or humidity (94.0%) detected. High risk of heat stress or bacterial leaf spot propagation.
[2026-07-23T00:25:47.136015] ⚠️ Disease risk warning! High or critical risk of crop diseases: Late Blight, Downy Mildew, Root Rot / Damping Off.
[2026-07-23T00:41:18.899949] ⚠️ Critical Weather Alert: Rain is predicted in the upcoming 3 hours. Precipitation: 0.2 mm. Protect sensitive field crops.
[2026-07-23T00:41:18.902987] ⚠️ Harmful Weather Warning: Extreme heat (22.0°C) or humidity (94.0%) detected. High risk of heat stress or bacterial leaf spot propagation.
[2026-07-23T00:41:18.907144] ⚠️ Disease risk warning! High or critical risk of crop diseases: Late Blight, Downy Mildew, Root Rot / Damping Off.
[2026-07-23T00:41:18.952658] ⚠️ Critical Weather Alert: Rain is predicted in the upcoming 3 hours. Precipitation: 0.2 mm. Protect sensitive field crops.
[2026-07-23T00:41:18.956387] ⚠️ Harmful Weather Warning: Extreme heat (22.0°C) or humidity (94.0%) detected. High risk of heat stress or bacterial leaf spot propagation.
[2026-07-23T00:41:18.959910] ⚠️ Disease risk warning! High or critical risk of crop diseases: Late Blight, Downy Mildew, Root Rot / Damping Off.
[2026-07-23T00:47:54.563090] ⚠️ Critical Weather Alert: Rain is predicted in the upcoming 3 hours. Precipitation: 0.2 mm. Protect sensitive field crops.
[2026-07-23T00:47:54.565750] ⚠️ Harmful Weather Warning: Extreme heat (22.0°C) or humidity (94.0%) detected. High risk of heat stress or bacterial leaf spot propagation.
[2026-07-23T00:47:54.567571] ⚠️ Disease risk warning! High or critical risk of crop diseases: Late Blight, Downy Mildew, Root Rot / Damping Off.
[2026-07-23T00:47:54.577093] ⚠️ Critical Weather Alert: Rain is predicted in the upcoming 3 hours. Precipitation: 0.2 mm. Protect sensitive field crops.
[2026-07-23T00:47:54.584416] ⚠️ Harmful Weather Warning: Extreme heat (22.0°C) or humidity (94.0%) detected. High risk of heat stress or bacterial leaf spot propagation.
[2026-07-23T00:47:54.586938] ⚠️ Disease risk warning! High or critical risk of crop diseases: Late Blight, Downy Mildew, Root Rot / Damping Off.
[2026-07-23T00:55:32.757317] ⚠️ Harmful Weather Warning: Extreme heat (22.0°C) or humidity (93.0%) detected. High risk of heat stress or bacterial leaf spot propagation.
[2026-07-23T00:55:32.762733] ⚠️ Disease risk warning! High or critical risk of crop diseases: Late Blight, Downy Mildew.
[2026-07-23T00:55:32.771784] ⚠️ Harmful Weather Warning: Extreme heat (22.0°C) or humidity (93.0%) detected. High risk of heat stress or bacterial leaf spot propagation.
[2026-07-23T00:55:32.775419] ⚠️ Disease risk warning! High or critical risk of crop diseases: Late Blight, Downy Mildew.
[2026-07-23T00:55:46.339905] ⚠️ Critical Weather Alert: Rain is predicted in the upcoming 3 hours. Precipitation: 0.2 mm. Protect sensitive field crops.
[2026-07-23T00:55:46.345789] ⚠️ Harmful Weather Warning: Extreme heat (22.0°C) or humidity (94.0%) detected. High risk of heat stress or bacterial leaf spot propagation.
[2026-07-23T00:55:46.357016] ⚠️ Disease risk warning! High or critical risk of crop diseases: Late Blight, Downy Mildew, Root Rot / Damping Off.
[2026-07-23T00:55:46.381399] ⚠️ Critical Weather Alert: Rain is predicted in the upcoming 3 hours. Precipitation: 0.2 mm. Protect sensitive field crops.
[2026-07-23T00:55:46.390562] ⚠️ Harmful Weather Warning: Extreme heat (22.0°C) or humidity (94.0%) detected. High risk of heat stress or bacterial leaf spot propagation.
[2026-07-23T00:55:46.391702] ⚠️ Disease risk warning! High or critical risk of crop diseases: Late Blight, Downy Mildew, Root Rot / Damping Off.
[2026-07-23T01:01:39.762330] ⚠️ Critical Weather Alert: Rain is predicted in the upcoming 3 hours. Precipitation: 0.2 mm. Protect sensitive field crops.
[2026-07-23T01:01:39.765388] ⚠️ Harmful Weather Warning: Extreme heat (22.0°C) or humidity (94.0%) detected. High risk of heat stress or bacterial leaf spot propagation.
[2026-07-23T01:01:39.766724] ⚠️ Disease risk warning! High or critical risk of crop diseases: Late Blight, Downy Mildew, Root Rot / Damping Off.
[2026-07-23T01:01:39.771361] ⚠️ Critical Weather Alert: Rain is predicted in the upcoming 3 hours. Precipitation: 0.2 mm. Protect sensitive field crops.
[2026-07-23T01:01:39.773038] ⚠️ Harmful Weather Warning: Extreme heat (22.0°C) or humidity (94.0%) detected. High risk of heat stress or bacterial leaf spot propagation.
[2026-07-23T01:01:39.774690] ⚠️ Disease risk warning! High or critical risk of crop diseases: Late Blight, Downy Mildew, Root Rot / Damping Off.
[2026-07-23T01:01:51.656847] ⚠️ Critical Weather Alert: Rain is predicted in the upcoming 3 hours. Precipitation: 0.2 mm. Protect sensitive field crops.
[2026-07-23T01:01:51.684379] ⚠️ Harmful Weather Warning: Extreme heat (22.0°C) or humidity (94.0%) detected. High risk of heat stress or bacterial leaf spot propagation.
[2026-07-23T01:01:51.702420] ⚠️ Disease risk warning! High or critical risk of crop diseases: Late Blight, Downy Mildew, Root Rot / Damping Off.
[2026-07-23T01:01:51.818146] ⚠️ Critical Weather Alert: Rain is predicted in the upcoming 3 hours. Precipitation: 0.2 mm. Protect sensitive field crops.
[2026-07-23T01:01:51.822053] ⚠️ Harmful Weather Warning: Extreme heat (22.0°C) or humidity (94.0%) detected. High risk of heat stress or bacterial leaf spot propagation.
[2026-07-23T01:01:51.824614] ⚠️ Disease risk warning! High or critical risk of crop diseases: Late Blight, Downy Mildew, Root Rot / Damping Off.
[2026-07-23T01:03:46.909695] ⚠️ Harmful Weather Warning: Extreme heat (23.0°C) or humidity (93.0%) detected. High risk of heat stress or bacterial leaf spot propagation.
[2026-07-23T01:03:46.913462] ⚠️ Disease risk warning! High or critical risk of crop diseases: Late Blight.
